Archive member included to satisfy reference by file (symbol)

c:/st/stm32cubeide_1.12.1/stm32cubeide/plugins/com.st.stm32cube.ide.mcu.externaltools.gnu-tools-for-stm32.10.3-2021.10.win32_1.0.200.202301161003/tools/bin/../lib/gcc/arm-none-eabi/10.3.1/../../../../arm-none-eabi/lib/thumb/v7-m/nofp\libstdc++_nano.a(del_ops.o)
                              ./BSP/KEY/key1.o (operator delete(void*, unsigned int))
c:/st/stm32cubeide_1.12.1/stm32cubeide/plugins/com.st.stm32cube.ide.mcu.externaltools.gnu-tools-for-stm32.10.3-2021.10.win32_1.0.200.202301161003/tools/bin/../lib/gcc/arm-none-eabi/10.3.1/../../../../arm-none-eabi/lib/thumb/v7-m/nofp\libstdc++_nano.a(del_op.o)
                              c:/st/stm32cubeide_1.12.1/stm32cubeide/plugins/com.st.stm32cube.ide.mcu.externaltools.gnu-tools-for-stm32.10.3-2021.10.win32_1.0.200.202301161003/tools/bin/../lib/gcc/arm-none-eabi/10.3.1/../../../../arm-none-eabi/lib/thumb/v7-m/nofp\libstdc++_nano.a(del_ops.o) (operator delete(void*))
c:/st/stm32cubeide_1.12.1/stm32cubeide/plugins/com.st.stm32cube.ide.mcu.externaltools.gnu-tools-for-stm32.10.3-2021.10.win32_1.0.200.202301161003/tools/bin/../lib/gcc/arm-none-eabi/10.3.1/../../../../arm-none-eabi/lib/thumb/v7-m/nofp\libc_nano.a(lib_a-errno.o)
                              ./Core/Src/syscalls.o (__errno)
c:/st/stm32cubeide_1.12.1/stm32cubeide/plugins/com.st.stm32cube.ide.mcu.externaltools.gnu-tools-for-stm32.10.3-2021.10.win32_1.0.200.202301161003/tools/bin/../lib/gcc/arm-none-eabi/10.3.1/../../../../arm-none-eabi/lib/thumb/v7-m/nofp\libc_nano.a(lib_a-exit.o)
                              c:/st/stm32cubeide_1.12.1/stm32cubeide/plugins/com.st.stm32cube.ide.mcu.externaltools.gnu-tools-for-stm32.10.3-2021.10.win32_1.0.200.202301161003/tools/bin/../lib/gcc/arm-none-eabi/10.3.1/../../../../arm-none-eabi/lib/thumb/v7-m/nofp/crt0.o (exit)
c:/st/stm32cubeide_1.12.1/stm32cubeide/plugins/com.st.stm32cube.ide.mcu.externaltools.gnu-tools-for-stm32.10.3-2021.10.win32_1.0.200.202301161003/tools/bin/../lib/gcc/arm-none-eabi/10.3.1/../../../../arm-none-eabi/lib/thumb/v7-m/nofp\libc_nano.a(lib_a-impure.o)
                              c:/st/stm32cubeide_1.12.1/stm32cubeide/plugins/com.st.stm32cube.ide.mcu.externaltools.gnu-tools-for-stm32.10.3-2021.10.win32_1.0.200.202301161003/tools/bin/../lib/gcc/arm-none-eabi/10.3.1/../../../../arm-none-eabi/lib/thumb/v7-m/nofp\libc_nano.a(lib_a-exit.o) (_global_impure_ptr)
c:/st/stm32cubeide_1.12.1/stm32cubeide/plugins/com.st.stm32cube.ide.mcu.externaltools.gnu-tools-for-stm32.10.3-2021.10.win32_1.0.200.202301161003/tools/bin/../lib/gcc/arm-none-eabi/10.3.1/../../../../arm-none-eabi/lib/thumb/v7-m/nofp\libc_nano.a(lib_a-init.o)
                              c:/st/stm32cubeide_1.12.1/stm32cubeide/plugins/com.st.stm32cube.ide.mcu.externaltools.gnu-tools-for-stm32.10.3-2021.10.win32_1.0.200.202301161003/tools/bin/../lib/gcc/arm-none-eabi/10.3.1/../../../../arm-none-eabi/lib/thumb/v7-m/nofp/crt0.o (__libc_init_array)
c:/st/stm32cubeide_1.12.1/stm32cubeide/plugins/com.st.stm32cube.ide.mcu.externaltools.gnu-tools-for-stm32.10.3-2021.10.win32_1.0.200.202301161003/tools/bin/../lib/gcc/arm-none-eabi/10.3.1/../../../../arm-none-eabi/lib/thumb/v7-m/nofp\libc_nano.a(lib_a-malloc.o)
                              c:/st/stm32cubeide_1.12.1/stm32cubeide/plugins/com.st.stm32cube.ide.mcu.externaltools.gnu-tools-for-stm32.10.3-2021.10.win32_1.0.200.202301161003/tools/bin/../lib/gcc/arm-none-eabi/10.3.1/../../../../arm-none-eabi/lib/thumb/v7-m/nofp\libstdc++_nano.a(del_op.o) (free)
c:/st/stm32cubeide_1.12.1/stm32cubeide/plugins/com.st.stm32cube.ide.mcu.externaltools.gnu-tools-for-stm32.10.3-2021.10.win32_1.0.200.202301161003/tools/bin/../lib/gcc/arm-none-eabi/10.3.1/../../../../arm-none-eabi/lib/thumb/v7-m/nofp\libc_nano.a(lib_a-memset.o)
                              c:/st/stm32cubeide_1.12.1/stm32cubeide/plugins/com.st.stm32cube.ide.mcu.externaltools.gnu-tools-for-stm32.10.3-2021.10.win32_1.0.200.202301161003/tools/bin/../lib/gcc/arm-none-eabi/10.3.1/../../../../arm-none-eabi/lib/thumb/v7-m/nofp/crt0.o (memset)
c:/st/stm32cubeide_1.12.1/stm32cubeide/plugins/com.st.stm32cube.ide.mcu.externaltools.gnu-tools-for-stm32.10.3-2021.10.win32_1.0.200.202301161003/tools/bin/../lib/gcc/arm-none-eabi/10.3.1/../../../../arm-none-eabi/lib/thumb/v7-m/nofp\libc_nano.a(lib_a-nano-freer.o)
                              c:/st/stm32cubeide_1.12.1/stm32cubeide/plugins/com.st.stm32cube.ide.mcu.externaltools.gnu-tools-for-stm32.10.3-2021.10.win32_1.0.200.202301161003/tools/bin/../lib/gcc/arm-none-eabi/10.3.1/../../../../arm-none-eabi/lib/thumb/v7-m/nofp\libc_nano.a(lib_a-malloc.o) (_free_r)
c:/st/stm32cubeide_1.12.1/stm32cubeide/plugins/com.st.stm32cube.ide.mcu.externaltools.gnu-tools-for-stm32.10.3-2021.10.win32_1.0.200.202301161003/tools/bin/../lib/gcc/arm-none-eabi/10.3.1/../../../../arm-none-eabi/lib/thumb/v7-m/nofp\libc_nano.a(lib_a-nano-mallocr.o)
[...]
Memory Configuration

Name             Origin             Length             Attributes
RAM              0x0000000020000000 0x000000000000c000 xrw
FLASH            0x0000000008000000 0x0000000000040000 xr
*default*        0x0000000000000000 0xffffffffffffffff

Linker script and memory map

LOAD c:/st/stm32cubeide_1.12.1/stm32cubeide/plugins/com.st.stm32cube.ide.mcu.externaltools.gnu-tools-for-stm32.10.3-2021.10.win32_1.0.200.202301161003/tools/bin/../lib/gcc/arm-none-eabi/10.3.1/thumb/v7-m/nofp/crti.o
LOAD c:/st/stm32cubeide_1.12.1/stm32cubeide/plugins/com.st.stm32cube.ide.mcu.externaltools.gnu-tools-for-stm32.10.3-2021.10.win32_1.0.200.202301161003/tools/bin/../lib/gcc/arm-none-eabi/10.3.1/thumb/v7-m/nofp/crtbegin.o
LOAD c:/st/stm32cubeide_1.12.1/stm32cubeide/plugins/com.st.stm32cube.ide.mcu.externaltools.gnu-tools-for-stm32.10.3-2021.10.win32_1.0.200.202301161003/tools/bin/../lib/gcc/arm-none-eabi/10.3.1/../../../../arm-none-eabi/lib/thumb/v7-m/nofp/crt0.o
LOAD ./BSP/KEY/key1.o
LOAD ./BSP/LED/led.o
LOAD ./BSP/beep/beep.o
LOAD ./BSP/bsp.o
LOAD ./Core/Src/main.o
LOAD ./Core/Src/stm32f1xx_hal_msp.o
LOAD ./Core/Src/stm32f1xx_it.o
LOAD ./Core/Src/syscalls.o
LOAD ./Core/Src/sysmem.o
LOAD ./Core/Src/system_stm32f1xx.o
LOAD ./Core/Startup/startup_stm32f103rctx.o
LOAD ./Drivers/STM32F1xx_HAL_Driver/Src/stm32f1xx_hal.o
LOAD ./Drivers/STM32F1xx_HAL_Driver/Src/stm32f1xx_hal_cortex.o
LOAD ./Drivers/STM32F1xx_HAL_Driver/Src/stm32f1xx_hal_dma.o
LOAD ./Drivers/STM32F1xx_HAL_Driver/Src/stm32f1xx_hal_exti.o
LOAD ./Drivers/STM32F1xx_HAL_Driver/Src/stm32f1xx_hal_flash.o
LOAD ./Drivers/STM32F1xx_HAL_Driver/Src/stm32f1xx_hal_flash_ex.o
LOAD ./Drivers/STM32F1xx_HAL_Driver/Src/stm32f1xx_hal_gpio.o
LOAD ./Drivers/STM32F1xx_HAL_Driver/Src/stm32f1xx_hal_gpio_ex.o
LOAD ./Drivers/STM32F1xx_HAL_Driver/Src/stm32f1xx_hal_pwr.o
LOAD ./Drivers/STM32F1xx_HAL_Driver/Src/stm32f1xx_hal_rcc.o
LOAD ./Drivers/STM32F1xx_HAL_Driver/Src/stm32f1xx_hal_rcc_ex.o
LOAD ./Drivers/STM32F1xx_HAL_Driver/Src/stm32f1xx_hal_tim.o
LOAD ./Drivers/STM32F1xx_HAL_Driver/Src/stm32f1xx_hal_tim_ex.o
START GROUP
LOAD c:/st/stm32cubeide_1.12.1/stm32cubeide/plugins/com.st.stm32cube.ide.mcu.externaltools.gnu-tools-for-stm32.10.3-2021.10.win32_1.0.200.202301161003/tools/bin/../lib/gcc/arm-none-eabi/10.3.1/../../../../arm-none-eabi/lib/thumb/v7-m/nofp\libstdc++_nano.a
LOAD c:/st/stm32cubeide_1.12.1/stm32cubeide/plugins/com.st.stm32cube.ide.mcu.externaltools.gnu-tools-for-stm32.10.3-2021.10.win32_1.0.200.202301161003/tools/bin/../lib/gcc/arm-none-eabi/10.3.1/../../../../arm-none-eabi/lib/thumb/v7-m/nofp\libsupc++_nano.a
END GROUP
LOAD c:/st/stm32cubeide_1.12.1/stm32cubeide/plugins/com.st.stm32cube.ide.mcu.externaltools.gnu-tools-for-stm32.10.3-2021.10.win32_1.0.200.202301161003/tools/bin/../lib/gcc/arm-none-eabi/10.3.1/../../../../arm-none-eabi/lib/thumb/v7-m/nofp\libstdc++_nano.a
LOAD c:/st/stm32cubeide_1.12.1/stm32cubeide/plugins/com.st.stm32cube.ide.mcu.externaltools.gnu-tools-for-stm32.10.3-2021.10.win32_1.0.200.202301161003/tools/bin/../lib/gcc/arm-none-eabi/10.3.1/../../../../arm-none-eabi/lib/thumb/v7-m/nofp\libm.a
LOAD c:/st/stm32cubeide_1.12.1/stm32cubeide/plugins/com.st.stm32cube.ide.mcu.externaltools.gnu-tools-for-stm32.10.3-2021.10.win32_1.0.200.202301161003/tools/bin/../lib/gcc/arm-none-eabi/10.3.1/../../../../arm-none-eabi/lib/thumb/v7-m/nofp\libc_nano.a
START GROUP
LOAD c:/st/stm32cubeide_1.12.1/stm32cubeide/plugins/com.st.stm32cube.ide.mcu.externaltools.gnu-tools-for-stm32.10.3-2021.10.win32_1.0.200.202301161003/tools/bin/../lib/gcc/arm-none-eabi/10.3.1/thumb/v7-m/nofp\libgcc.a
LOAD c:/st/stm32cubeide_1.12.1/stm32cubeide/plugins/com.st.stm32cube.ide.mcu.externaltools.gnu-tools-for-stm32.10.3-2021.10.win32_1.0.200.202301161003/tools/bin/../lib/gcc/arm-none-eabi/10.3.1/../../../../arm-none-eabi/lib/thumb/v7-m/nofp\libc_nano.a
END GROUP
START GROUP
LOAD c:/st/stm32cubeide_1.12.1/stm32cubeide/plugins/com.st.stm32cube.ide.mcu.externaltools.gnu-tools-for-stm32.10.3-2021.10.win32_1.0.200.202301161003/tools/bin/../lib/gcc/arm-none-eabi/10.3.1/thumb/v7-m/nofp\libgcc.a
LOAD c:/st/stm32cubeide_1.12.1/stm32cubeide/plugins/com.st.stm32cube.ide.mcu.externaltools.gnu-tools-for-stm32.10.3-2021.10.win32_1.0.200.202301161003/tools/bin/../lib/gcc/arm-none-eabi/10.3.1/../../../../arm-none-eabi/lib/thumb/v7-m/nofp\libc_nano.a
LOAD c:/st/stm32cubeide_1.12.1/stm32cubeide/plugins/com.st.stm32cube.ide.mcu.externaltools.gnu-tools-for-stm32.10.3-2021.10.win32_1.0.200.202301161003/tools/bin/../lib/gcc/arm-none-eabi/10.3.1/../../../../arm-none-eabi/lib/thumb/v7-m/nofp\libnosys.a
END GROUP
START GROUP
LOAD c:/st/stm32cubeide_1.12.1/stm32cubeide/plugins/com.st.stm32cube.ide.mcu.externaltools.gnu-tools-for-stm32.10.3-2021.10.win32_1.0.200.202301161003/tools/bin/../lib/gcc/arm-none-eabi/10.3.1/thumb/v7-m/nofp\libgcc.a
LOAD c:/st/stm32cubeide_1.12.1/stm32cubeide/plugins/com.st.stm32cube.ide.mcu.externaltools.gnu-tools-for-stm32.10.3-2021.10.win32_1.0.200.202301161003/tools/bin/../lib/gcc/arm-none-eabi/10.3.1/../../../../arm-none-eabi/lib/thumb/v7-m/nofp\libc_nano.a
LOAD c:/st/stm32cubeide_1.12.1/stm32cubeide/plugins/com.st.stm32cube.ide.mcu.externaltools.gnu-tools-for-stm32.10.3-2021.10.win32_1.0.200.202301161003/tools/bin/../lib/gcc/arm-none-eabi/10.3.1/../../../../arm-none-eabi/lib/thumb/v7-m/nofp\libnosys.a
END GROUP
LOAD c:/st/stm32cubeide_1.12.1/stm32cubeide/plugins/com.st.stm32cube.ide.mcu.externaltools.gnu-tools-for-stm32.10.3-2021.10.win32_1.0.200.202301161003/tools/bin/../lib/gcc/arm-none-eabi/10.3.1/thumb/v7-m/nofp/crtend.o
LOAD c:/st/stm32cubeide_1.12.1/stm32cubeide/plugins/com.st.stm32cube.ide.mcu.externaltools.gnu-tools-for-stm32.10.3-2021.10.win32_1.0.200.202301161003/tools/bin/../lib/gcc/arm-none-eabi/10.3.1/thumb/v7-m/nofp/crtn.o
                0x000000002000c000                _estack = (ORIGIN (RAM) + LENGTH (RAM))
                0x0000000000000200                _Min_Heap_Size = 0x200
                0x0000000000000400                _Min_Stack_Size = 0x400

.isr_vector     0x0000000008000000      0x1e4
                0x0000000008000000                . = ALIGN (0x4)
 *(.isr_vector)
 .isr_vector    0x0000000008000000      0x1e4 ./Core/Startup/startup_stm32f103rctx.o
                0x0000000008000000                g_pfnVectors
                0x00000000080001e4                . = ALIGN (0x4)

.text           0x00000000080001e4     0x15c0
                0x00000000080001e4                . = ALIGN (0x4)
 *(.text)
 .text          0x00000000080001e4       0x40 c:/st/stm32cubeide_1.12.1/stm32cubeide/plugins/com.st.stm32cube.ide.mcu.externaltools.gnu-tools-for-stm32.10.3-2021.10.win32_1.0.200.202301161003/tools/bin/../lib/gcc/arm-none-eabi/10.3.1/thumb/v7-m/nofp/crtbegin.o
 *(.text*)
 .text._ZN4key1C2Ev
                0x0000000008000224       0x20 ./BSP/KEY/key1.o
                0x0000000008000224                key1::key1()
                0x0000000008000224                key1::key1()
 .text._ZN4key1D2Ev
                0x0000000008000244       0x20 ./BSP/KEY/key1.o
                0x0000000008000244                key1::~key1()
                0x0000000008000244                key1::~key1()
 .text._ZN4key1D0Ev
                0x0000000008000264       0x20 ./BSP/KEY/key1.o
                0x0000000008000264                key1::~key1()
 .text._ZN4key114Key_is_pressedEv
                0x0000000008000284       0x34 ./BSP/KEY/key1.o
                0x0000000008000284                key1::Key_is_pressed()
 .text._ZN4key110Key1_StateEh
                0x00000000080002b8       0x70 ./BSP/KEY/key1.o
                0x00000000080002b8                key1::Key1_State(unsigned char)
 .text._ZN3ledC2Ev
                0x0000000008000328       0x14 ./BSP/LED/led.o
                0x0000000008000328                led::led()
                0x0000000008000328                led::led()
 .text._ZN3ledD2Ev
                0x000000000800033c       0x14 ./BSP/LED/led.o
                0x000000000800033c                led::~led()
                0x000000000800033c                led::~led()
 .text._ZN3led17Led_status_handleEv
                0x0000000008000350       0x3c ./BSP/LED/led.o
                0x0000000008000350                led::Led_status_handle()
 .text._ZN4beep14Beep_get_stateEv
                0x000000000800038c       0x1c ./BSP/beep/beep.o
                0x000000000800038c                beep::Beep_get_state()
 .text._ZN4beep14Beep_set_stateEh
                0x00000000080003a8       0x20 ./BSP/beep/beep.o
                0x00000000080003a8                beep::Beep_set_state(unsigned char)
 .text._ZN4beep13Beep_set_timeEt
                0x00000000080003c8       0x20 ./BSP/beep/beep.o
                0x00000000080003c8                beep::Beep_set_time(unsigned short)
 .text._ZN4beepC2Ev
                0x00000000080003e8       0x20 ./BSP/beep/beep.o
                0x00000000080003e8                beep::beep()
                0x00000000080003e8                beep::beep()
 .text._ZN4beepD2Ev
                0x0000000008000408       0x20 ./BSP/beep/beep.o
                0x0000000008000408                beep::~beep()
                0x0000000008000408                beep::~beep()
 .text._ZN4beepD0Ev
                0x0000000008000428       0x20 ./BSP/beep/beep.o
                0x0000000008000428                beep::~beep()
 .text._ZN4beep12Beep_on_timeEt
                0x0000000008000448       0x88 ./BSP/beep/beep.o
                0x0000000008000448                beep::Beep_on_time(unsigned short)
 .text._ZN4beep25Beep_timeout_close_handleEv
                0x00000000080004d0       0x58 ./BSP/beep/beep.o
                0x00000000080004d0                beep::Beep_timeout_close_handle()
 .text.bsp_loop
                0x0000000008000528       0x80 ./BSP/bsp.o
                0x0000000008000528                bsp_loop
 .text.main     0x00000000080005a8       0x16 ./Core/Src/main.o
                0x00000000080005a8                main
 .text.SystemClock_Config
                0x00000000080005be       0x8a ./Core/Src/main.o
                0x00000000080005be                SystemClock_Config
 .text.MX_GPIO_Init
                0x0000000008000648       0xb4 ./Core/Src/main.o
 .text.Error_Handler
                0x00000000080006fc        0xa ./Core/Src/main.o
                0x00000000080006fc                Error_Handler
 *fill*         0x0000000008000706        0x2 
 .text.HAL_MspInit
                0x0000000008000708       0x64 ./Core/Src/stm32f1xx_hal_msp.o
                0x0000000008000708                HAL_MspInit
 .text.NMI_Handler
                0x000000000800076c        0x6 ./Core/Src/stm32f1xx_it.o
                0x000000000800076c                NMI_Handler
 .text.HardFault_Handler
                0x0000000008000772        0x6 ./Core/Src/stm32f1xx_it.o
                0x0000000008000772                HardFault_Handler
 .text.MemManage_Handler
                0x0000000008000778        0x6 ./Core/Src/stm32f1xx_it.o
                0x0000000008000778                MemManage_Handler
 .text.BusFault_Handler
                0x000000000800077e        0x6 ./Core/Src/stm32f1xx_it.o
                0x000000000800077e                BusFault_Handler
 .text.UsageFault_Handler
                0x0000000008000784        0x6 ./Core/Src/stm32f1xx_it.o
                0x0000000008000784                UsageFault_Handler
 .text.SVC_Handler
                0x000000000800078a        0xc ./Core/Src/stm32f1xx_it.o
                0x000000000800078a                SVC_Handler
 .text.DebugMon_Handler
                0x0000000008000796        0xc ./Core/Src/stm32f1xx_it.o
                0x0000000008000796                DebugMon_Handler
 .text.PendSV_Handler
                0x00000000080007a2        0xc ./Core/Src/stm32f1xx_it.o
                0x00000000080007a2                PendSV_Handler
 .text.SysTick_Handler
                0x00000000080007ae        0xc ./Core/Src/stm32f1xx_it.o
                0x00000000080007ae                SysTick_Handler
 .text.SystemInit
                0x00000000080007ba        0xc ./Core/Src/system_stm32f1xx.o
                0x00000000080007ba                SystemInit
 *fill*         0x00000000080007c6        0x2 
 .text.Reset_Handler
                0x00000000080007c8       0x48 ./Core/Startup/startup_stm32f103rctx.o
                0x00000000080007c8                Reset_Handler
 .text.Default_Handler
                0x0000000008000810        0x2 ./Core/Startup/startup_stm32f103rctx.o
                0x0000000008000810                RTC_Alarm_IRQHandler
                0x0000000008000810                EXTI2_IRQHandler
                0x0000000008000810                TIM8_TRG_COM_IRQHandler
                0x0000000008000810                TIM8_CC_IRQHandler
                0x0000000008000810                TIM1_CC_IRQHandler
                0x0000000008000810                TIM6_IRQHandler
                0x0000000008000810                PVD_IRQHandler
                0x0000000008000810                SDIO_IRQHandler
                0x0000000008000810                EXTI3_IRQHandler
                0x0000000008000810                EXTI0_IRQHandler
                0x0000000008000810                I2C2_EV_IRQHandler
                0x0000000008000810                ADC1_2_IRQHandler
                0x0000000008000810                SPI1_IRQHandler
                0x0000000008000810                TAMPER_IRQHandler
                0x0000000008000810                TIM8_UP_IRQHandler
                0x0000000008000810                DMA2_Channel2_IRQHandler
                0x0000000008000810                DMA1_Channel4_IRQHandler
                0x0000000008000810                USART3_IRQHandler
                0x0000000008000810                RTC_IRQHandler
                0x0000000008000810                DMA1_Channel7_IRQHandler
                0x0000000008000810                CAN1_RX1_IRQHandler
                0x0000000008000810                UART5_IRQHandler
                0x0000000008000810                ADC3_IRQHandler
                0x0000000008000810                TIM4_IRQHandler
                0x0000000008000810                DMA2_Channel1_IRQHandler
                0x0000000008000810                I2C1_EV_IRQHandler
                0x0000000008000810                DMA1_Channel6_IRQHandler
                0x0000000008000810                UART4_IRQHandler
                0x0000000008000810                TIM3_IRQHandler
                0x0000000008000810                RCC_IRQHandler
                0x0000000008000810                TIM1_TRG_COM_IRQHandler
                0x0000000008000810                DMA1_Channel1_IRQHandler
                0x0000000008000810                Default_Handler
                0x0000000008000810                EXTI15_10_IRQHandler
                0x0000000008000810                TIM7_IRQHandler
                0x0000000008000810                TIM5_IRQHandler
                0x0000000008000810                EXTI9_5_IRQHandler
                0x0000000008000810                SPI2_IRQHandler
                0x0000000008000810                DMA1_Channel5_IRQHandler
                0x0000000008000810                EXTI4_IRQHandler
                0x0000000008000810                USB_LP_CAN1_RX0_IRQHandler
                0x0000000008000810                USB_HP_CAN1_TX_IRQHandler
                0x0000000008000810                DMA1_Channel3_IRQHandler
                0x0000000008000810                FSMC_IRQHandler
                0x0000000008000810                TIM1_UP_IRQHandler
                0x0000000008000810                WWDG_IRQHandler
                0x0000000008000810                TIM2_IRQHandler
                0x0000000008000810                TIM1_BRK_IRQHandler
                0x0000000008000810                EXTI1_IRQHandler
                0x0000000008000810                DMA2_Channel4_5_IRQHandler
                0x0000000008000810                USART2_IRQHandler
                0x0000000008000810                I2C2_ER_IRQHandler
                0x0000000008000810                DMA1_Channel2_IRQHandler
                0x0000000008000810                TIM8_BRK_IRQHandler
                0x0000000008000810                CAN1_SCE_IRQHandler
                0x0000000008000810                FLASH_IRQHandler
                0x0000000008000810                USART1_IRQHandler
                0x0000000008000810                SPI3_IRQHandler
                0x0000000008000810                I2C1_ER_IRQHandler
                0x0000000008000810                USBWakeUp_IRQHandler
                0x0000000008000810                DMA2_Channel3_IRQHandler
 *fill*         0x0000000008000812        0x2 
 .text.HAL_Init
                0x0000000008000814       0x2c ./Drivers/STM32F1xx_HAL_Driver/Src/stm32f1xx_hal.o
                0x0000000008000814                HAL_Init
 .text.HAL_InitTick
                0x0000000008000840       0x60 ./Drivers/STM32F1xx_HAL_Driver/Src/stm32f1xx_hal.o
                0x0000000008000840                HAL_InitTick
 .text.HAL_IncTick
                0x00000000080008a0       0x24 ./Drivers/STM32F1xx_HAL_Driver/Src/stm32f1xx_hal.o
                0x00000000080008a0                HAL_IncTick
 .text.HAL_GetTick
                0x00000000080008c4       0x14 ./Drivers/STM32F1xx_HAL_Driver/Src/stm32f1xx_hal.o
                0x00000000080008c4                HAL_GetTick
 .text.HAL_Delay
                0x00000000080008d8       0x48 ./Drivers/STM32F1xx_HAL_Driver/Src/stm32f1xx_hal.o
                0x00000000080008d8                HAL_Delay
 .text.__NVIC_SetPriorityGrouping
                0x0000000008000920       0x48 ./Drivers/STM32F1xx_HAL_Driver/Src/stm32f1xx_hal_cortex.o
 .text.__NVIC_GetPriorityGrouping
                0x0000000008000968       0x1c ./Drivers/STM32F1xx_HAL_Driver/Src/stm32f1xx_hal_cortex.o
 .text.__NVIC_SetPriority
                0x0000000008000984       0x54 ./Drivers/STM32F1xx_HAL_Driver/Src/stm32f1xx_hal_cortex.o
 .text.NVIC_EncodePriority
                0x00000000080009d8       0x64 ./Drivers/STM32F1xx_HAL_Driver/Src/stm32f1xx_hal_cortex.o
 .text.SysTick_Config
                0x0000000008000a3c       0x44 ./Drivers/STM32F1xx_HAL_Driver/Src/stm32f1xx_hal_cortex.o
 .text.HAL_NVIC_SetPriorityGrouping
                0x0000000008000a80       0x16 ./Drivers/STM32F1xx_HAL_Driver/Src/stm32f1xx_hal_cortex.o
                0x0000000008000a80                HAL_NVIC_SetPriorityGrouping
 .text.HAL_NVIC_SetPriority
                0x0000000008000a96       0x38 ./Drivers/STM32F1xx_HAL_Driver/Src/stm32f1xx_hal_cortex.o
                0x0000000008000a96                HAL_NVIC_SetPriority
 .text.HAL_SYSTICK_Config
                0x0000000008000ace       0x18 ./Drivers/STM32F1xx_HAL_Driver/Src/stm32f1xx_hal_cortex.o
                0x0000000008000ace                HAL_SYSTICK_Config
 *fill*         0x0000000008000ae6        0x2 
 .text.HAL_GPIO_Init
                0x0000000008000ae8      0x328 ./Drivers/STM32F1xx_HAL_Driver/Src/stm32f1xx_hal_gpio.o
                0x0000000008000ae8                HAL_GPIO_Init
 .text.HAL_GPIO_ReadPin
                0x0000000008000e10       0x2e ./Drivers/STM32F1xx_HAL_Driver/Src/stm32f1xx_hal_gpio.o
                0x0000000008000e10                HAL_GPIO_ReadPin
 .text.HAL_GPIO_WritePin
                0x0000000008000e3e       0x30 ./Drivers/STM32F1xx_HAL_Driver/Src/stm32f1xx_hal_gpio.o
                0x0000000008000e3e                HAL_GPIO_WritePin
 .text.HAL_GPIO_TogglePin
                0x0000000008000e6e       0x32 ./Drivers/STM32F1xx_HAL_Driver/Src/stm32f1xx_hal_gpio.o
                0x0000000008000e6e                HAL_GPIO_TogglePin
 .text.HAL_RCC_OscConfig
                0x0000000008000ea0      0x504 ./Drivers/STM32F1xx_HAL_Driver/Src/stm32f1xx_hal_rcc.o
                0x0000000008000ea0                HAL_RCC_OscConfig
 .text.HAL_RCC_ClockConfig
                0x00000000080013a4      0x1d4 ./Drivers/STM32F1xx_HAL_Driver/Src/stm32f1xx_hal_rcc.o
                0x00000000080013a4                HAL_RCC_ClockConfig
 .text.HAL_RCC_GetSysClockFreq
                0x0000000008001578       0xbc ./Drivers/STM32F1xx_HAL_Driver/Src/stm32f1xx_hal_rcc.o
                0x0000000008001578                HAL_RCC_GetSysClockFreq
 .text.RCC_Delay
                0x0000000008001634       0x3c ./Drivers/STM32F1xx_HAL_Driver/Src/stm32f1xx_hal_rcc.o
 .text._ZdlPvj  0x0000000008001670        0x4 c:/st/stm32cubeide_1.12.1/stm32cubeide/plugins/com.st.stm32cube.ide.mcu.externaltools.gnu-tools-for-stm32.10.3-2021.10.win32_1.0.200.202301161003/tools/bin/../lib/gcc/arm-none-eabi/10.3.1/../../../../arm-none-eabi/lib/thumb/v7-m/nofp\libstdc++_nano.a(del_ops.o)
                0x0000000008001670                operator delete(void*, unsigned int)
 .text._ZdlPv   0x0000000008001674        0x4 c:/st/stm32cubeide_1.12.1/stm32cubeide/plugins/com.st.stm32cube.ide.mcu.externaltools.gnu-tools-for-stm32.10.3-2021.10.win32_1.0.200.202301161003/tools/bin/../lib/gcc/arm-none-eabi/10.3.1/../../../../arm-none-eabi/lib/thumb/v7-m/nofp\libstdc++_nano.a(del_op.o)
                0x0000000008001674                operator delete(void*)
 .text.__libc_init_array
                0x0000000008001678       0x48 c:/st/stm32cubeide_1.12.1/stm32cubeide/plugins/com.st.stm32cube.ide.mcu.externaltools.gnu-tools-for-stm32.10.3-2021.10.win32_1.0.200.202301161003/tools/bin/../lib/gcc/arm-none-eabi/10.3.1/../../../../arm-none-eabi/lib/thumb/v7-m/nofp\libc_nano.a(lib_a-init.o)
                0x0000000008001678                __libc_init_array
 .text.free     0x00000000080016c0       0x10 c:/st/stm32cubeide_1.12.1/stm32cubeide/plugins/com.st.stm32cube.ide.mcu.externaltools.gnu-tools-for-stm32.10.3-2021.10.win32_1.0.200.202301161003/tools/bin/../lib/gcc/arm-none-eabi/10.3.1/../../../../arm-none-eabi/lib/thumb/v7-m/nofp\libc_nano.a(lib_a-malloc.o)
                0x00000000080016c0                free
 .text.memset   0x00000000080016d0       0x10 c:/st/stm32cubeide_1.12.1/stm32cubeide/plugins/com.st.stm32cube.ide.mcu.externaltools.gnu-tools-for-stm32.10.3-2021.10.win32_1.0.200.202301161003/tools/bin/../lib/gcc/arm-none-eabi/10.3.1/../../../../arm-none-eabi/lib/thumb/v7-m/nofp\libc_nano.a(lib_a-memset.o)
                0x00000000080016d0                memset
 .text._free_r  0x00000000080016e0       0x90 c:/st/stm32cubeide_1.12.1/stm32cubeide/plugins/com.st.stm32cube.ide.mcu.externaltools.gnu-tools-for-stm32.10.3-2021.10.win32_1.0.200.202301161003/tools/bin/../lib/gcc/arm-none-eabi/10.3.1/../../../../arm-none-eabi/lib/thumb/v7-m/nofp\libc_nano.a(lib_a-nano-freer.o)
                0x00000000080016e0                _free_r
 .text.__malloc_lock
                0x0000000008001770        0xc c:/st/stm32cubeide_1.12.1/stm32cubeide/plugins/com.st.stm32cube.ide.mcu.externaltools.gnu-tools-for-stm32.10.3-2021.10.win32_1.0.200.202301161003/tools/bin/../lib/gcc/arm-none-eabi/10.3.1/../../../../arm-none-eabi/lib/thumb/v7-m/nofp\libc_nano.a(lib_a-mlock.o)
                0x0000000008001770                __malloc_lock
 .text.__malloc_unlock
                0x000000000800177c        0xc c:/st/stm32cubeide_1.12.1/stm32cubeide/plugins/com.st.stm32cube.ide.mcu.externaltools.gnu-tools-for-stm32.10.3-2021.10.win32_1.0.200.202301161003/tools/bin/../lib/gcc/arm-none-eabi/10.3.1/../../../../arm-none-eabi/lib/thumb/v7-m/nofp\libc_nano.a(lib_a-mlock.o)
                0x000000000800177c                __malloc_unlock
 .text.__retarget_lock_acquire_recursive
                0x0000000008001788        0x2 c:/st/stm32cubeide_1.12.1/stm32cubeide/plugins/com.st.stm32cube.ide.mcu.externaltools.gnu-tools-for-stm32.10.3-2021.10.win32_1.0.200.202301161003/tools/bin/../lib/gcc/arm-none-eabi/10.3.1/../../../../arm-none-eabi/lib/thumb/v7-m/nofp\libc_nano.a(lib_a-lock.o)
                0x0000000008001788                __retarget_lock_acquire_recursive
 .text.__retarget_lock_release_recursive
                0x000000000800178a        0x2 c:/st/stm32cubeide_1.12.1/stm32cubeide/plugins/com.st.stm32cube.ide.mcu.externaltools.gnu-tools-for-stm32.10.3-2021.10.win32_1.0.200.202301161003/tools/bin/../lib/gcc/arm-none-eabi/10.3.1/../../../../arm-none-eabi/lib/thumb/v7-m/nofp\libc_nano.a(lib_a-lock.o)
                0x000000000800178a                __retarget_lock_release_recursive
 *(.glue_7)
 .glue_7        0x000000000800178c        0x0 linker stubs
 *(.glue_7t)
 .glue_7t       0x000000000800178c        0x0 linker stubs
 *(.eh_frame)
 .eh_frame      0x000000000800178c        0x0 c:/st/stm32cubeide_1.12.1/stm32cubeide/plugins/com.st.stm32cube.ide.mcu.externaltools.gnu-tools-for-stm32.10.3-2021.10.win32_1.0.200.202301161003/tools/bin/../lib/gcc/arm-none-eabi/10.3.1/thumb/v7-m/nofp/crtbegin.o
 *(.init)
 .init          0x000000000800178c        0x4 c:/st/stm32cubeide_1.12.1/stm32cubeide/plugins/com.st.stm32cube.ide.mcu.externaltools.gnu-tools-for-stm32.10.3-2021.10.win32_1.0.200.202301161003/tools/bin/../lib/gcc/arm-none-eabi/10.3.1/thumb/v7-m/nofp/crti.o
                0x000000000800178c                _init
 .init          0x0000000008001790        0x8 c:/st/stm32cubeide_1.12.1/stm32cubeide/plugins/com.st.stm32cube.ide.mcu.externaltools.gnu-tools-for-stm32.10.3-2021.10.win32_1.0.200.202301161003/tools/bin/../lib/gcc/arm-none-eabi/10.3.1/thumb/v7-m/nofp/crtn.o
 *(.fini)
 .fini          0x0000000008001798        0x4 c:/st/stm32cubeide_1.12.1/stm32cubeide/plugins/com.st.stm32cube.ide.mcu.externaltools.gnu-tools-for-stm32.10.3-2021.10.win32_1.0.200.202301161003/tools/bin/../lib/gcc/arm-none-eabi/10.3.1/thumb/v7-m/nofp/crti.o
                0x0000000008001798                _fini
 .fini          0x000000000800179c        0x8 c:/st/stm32cubeide_1.12.1/stm32cubeide/plugins/com.st.stm32cube.ide.mcu.externaltools.gnu-tools-for-stm32.10.3-2021.10.win32_1.0.200.202301161003/tools/bin/../lib/gcc/arm-none-eabi/10.3.1/thumb/v7-m/nofp/crtn.o
                0x00000000080017a4                . = ALIGN (0x4)
                0x00000000080017a4                _etext = .

.vfp11_veneer   0x00000000080017a4        0x0
 .vfp11_veneer  0x00000000080017a4        0x0 linker stubs

.v4_bx          0x00000000080017a4        0x0
 .v4_bx         0x00000000080017a4        0x0 linker stubs

.iplt           0x00000000080017a4        0x0
 .iplt          0x00000000080017a4        0x0 c:/st/stm32cubeide_1.12.1/stm32cubeide/plugins/com.st.stm32cube.ide.mcu.externaltools.gnu-tools-for-stm32.10.3-2021.10.win32_1.0.200.202301161003/tools/bin/../lib/gcc/arm-none-eabi/10.3.1/thumb/v7-m/nofp/crtbegin.o

.rodata         0x00000000080017a4       0x40
                0x00000000080017a4                . = ALIGN (0x4)
 *(.rodata)
 .rodata        0x00000000080017a4       0x10 ./Drivers/STM32F1xx_HAL_Driver/Src/stm32f1xx_hal_rcc.o
 *(.rodata*)
 .rodata._ZTV4key1
                0x00000000080017b4       0x10 ./BSP/KEY/key1.o
                0x00000000080017b4                vtable for key1
 .rodata._ZTV4beep
                0x00000000080017c4       0x10 ./BSP/beep/beep.o
                0x00000000080017c4                vtable for beep
 .rodata.AHBPrescTable
                0x00000000080017d4       0x10 ./Core/Src/system_stm32f1xx.o
                0x00000000080017d4                AHBPrescTable
                0x00000000080017e4                . = ALIGN (0x4)

.rel.dyn        0x00000000080017e4        0x0
 .rel.iplt      0x00000000080017e4        0x0 c:/st/stm32cubeide_1.12.1/stm32cubeide/plugins/com.st.stm32cube.ide.mcu.externaltools.gnu-tools-for-stm32.10.3-2021.10.win32_1.0.200.202301161003/tools/bin/../lib/gcc/arm-none-eabi/10.3.1/thumb/v7-m/nofp/crtbegin.o

.ARM.extab      0x00000000080017e4        0x0
                0x00000000080017e4                . = ALIGN (0x4)
 *(.ARM.extab* .gnu.linkonce.armextab.*)
                0x00000000080017e4                . = ALIGN (0x4)

.ARM            0x00000000080017e4        0x0
                0x00000000080017e4                . = ALIGN (0x4)
                0x00000000080017e4                __exidx_start = .
 *(.ARM.exidx*)
                0x00000000080017e4                __exidx_end = .
                0x00000000080017e4                . = ALIGN (0x4)

.preinit_array  0x00000000080017e4        0x0
                0x00000000080017e4                . = ALIGN (0x4)
                0x00000000080017e4                PROVIDE (__preinit_array_start = .)
 *(.preinit_array*)
                0x00000000080017e4                PROVIDE (__preinit_array_end = .)
                0x00000000080017e4                . = ALIGN (0x4)

.init_array     0x00000000080017e4        0x4
                0x00000000080017e4                . = ALIGN (0x4)
                0x00000000080017e4                PROVIDE (__init_array_start = .)
 *(SORT_BY_NAME(.init_array.*))
 *(.init_array*)
 .init_array    0x00000000080017e4        0x4 c:/st/stm32cubeide_1.12.1/stm32cubeide/plugins/com.st.stm32cube.ide.mcu.externaltools.gnu-tools-for-stm32.10.3-2021.10.win32_1.0.200.202301161003/tools/bin/../lib/gcc/arm-none-eabi/10.3.1/thumb/v7-m/nofp/crtbegin.o
                0x00000000080017e8                PROVIDE (__init_array_end = .)
                0x00000000080017e8                . = ALIGN (0x4)

.fini_array     0x00000000080017e8        0x4
                0x00000000080017e8                . = ALIGN (0x4)
                [!provide]                        PROVIDE (__fini_array_start = .)
 *(SORT_BY_NAME(.fini_array.*))
 *(.fini_array*)
 .fini_array    0x00000000080017e8        0x4 c:/st/stm32cubeide_1.12.1/stm32cubeide/plugins/com.st.stm32cube.ide.mcu.externaltools.gnu-tools-for-stm32.10.3-2021.10.win32_1.0.200.202301161003/tools/bin/../lib/gcc/arm-none-eabi/10.3.1/thumb/v7-m/nofp/crtbegin.o
                [!provide]                        PROVIDE (__fini_array_end = .)
                0x00000000080017ec                . = ALIGN (0x4)
                0x00000000080017ec                _sidata = LOADADDR (.data)

.data           0x0000000020000000       0x70 load address 0x00000000080017ec
                0x0000000020000000                . = ALIGN (0x4)
                0x0000000020000000                _sdata = .
 *(.data)
 *(.data*)
 .data.SystemCoreClock
                0x0000000020000000        0x4 ./Core/Src/system_stm32f1xx.o
                0x0000000020000000                SystemCoreClock
 .data.uwTickPrio
                0x0000000020000004        0x4 ./Drivers/STM32F1xx_HAL_Driver/Src/stm32f1xx_hal.o
                0x0000000020000004                uwTickPrio
 .data.uwTickFreq
                0x0000000020000008        0x1 ./Drivers/STM32F1xx_HAL_Driver/Src/stm32f1xx_hal.o
                0x0000000020000008                uwTickFreq
 *fill*         0x0000000020000009        0x3 
 .data._impure_ptr
                0x000000002000000c        0x4 c:/st/stm32cubeide_1.12.1/stm32cubeide/plugins/com.st.stm32cube.ide.mcu.externaltools.gnu-tools-for-stm32.10.3-2021.10.win32_1.0.200.202301161003/tools/bin/../lib/gcc/arm-none-eabi/10.3.1/../../../../arm-none-eabi/lib/thumb/v7-m/nofp\libc_nano.a(lib_a-impure.o)
                0x000000002000000c                _impure_ptr
 .data.impure_data
                0x0000000020000010       0x60 c:/st/stm32cubeide_1.12.1/stm32cubeide/plugins/com.st.stm32cube.ide.mcu.externaltools.gnu-tools-for-stm32.10.3-2021.10.win32_1.0.200.202301161003/tools/bin/../lib/gcc/arm-none-eabi/10.3.1/../../../../arm-none-eabi/lib/thumb/v7-m/nofp\libc_nano.a(lib_a-impure.o)
 *(.RamFunc)
 *(.RamFunc*)
                0x0000000020000070                . = ALIGN (0x4)
                0x0000000020000070                _edata = .

.igot.plt       0x0000000020000070        0x0 load address 0x000000000800185c
 .igot.plt      0x0000000020000070        0x0 c:/st/stm32cubeide_1.12.1/stm32cubeide/plugins/com.st.stm32cube.ide.mcu.externaltools.gnu-tools-for-stm32.10.3-2021.10.win32_1.0.200.202301161003/tools/bin/../lib/gcc/arm-none-eabi/10.3.1/thumb/v7-m/nofp/crtbegin.o
                0x0000000020000070                . = ALIGN (0x4)

.bss            0x0000000020000070       0x34 load address 0x000000000800185c
                0x0000000020000070                _sbss = .
                0x0000000020000070                __bss_start__ = _sbss
 *(.bss)
 .bss           0x0000000020000070       0x1c c:/st/stm32cubeide_1.12.1/stm32cubeide/plugins/com.st.stm32cube.ide.mcu.externaltools.gnu-tools-for-stm32.10.3-2021.10.win32_1.0.200.202301161003/tools/bin/../lib/gcc/arm-none-eabi/10.3.1/thumb/v7-m/nofp/crtbegin.o
 *(.bss*)
 .bss._ZL9key_count
                0x000000002000008c        0x2 ./BSP/KEY/key1.o
 .bss._ZZN4key110Key1_StateEhE10key1_state
                0x000000002000008e        0x2 ./BSP/KEY/key1.o
 .bss._ZZN3led17Led_status_handleEvE5count
                0x0000000020000090        0x2 ./BSP/LED/led.o
 .bss._ZL10beep_state
                0x0000000020000092        0x1 ./BSP/beep/beep.o
 *fill*         0x0000000020000093        0x1 
 .bss._ZL12beep_on_time
                0x0000000020000094        0x2 ./BSP/beep/beep.o
 *fill*         0x0000000020000096        0x2 
 .bss.uwTick    0x0000000020000098        0x4 ./Drivers/STM32F1xx_HAL_Driver/Src/stm32f1xx_hal.o
                0x0000000020000098                uwTick
 .bss.__malloc_free_list
                0x000000002000009c        0x4 c:/st/stm32cubeide_1.12.1/stm32cubeide/plugins/com.st.stm32cube.ide.mcu.externaltools.gnu-tools-for-stm32.10.3-2021.10.win32_1.0.200.202301161003/tools/bin/../lib/gcc/arm-none-eabi/10.3.1/../../../../arm-none-eabi/lib/thumb/v7-m/nofp\libc_nano.a(lib_a-nano-mallocr.o)
                0x000000002000009c                __malloc_free_list
 .bss.__lock___malloc_recursive_mutex
                0x00000000200000a0        0x1 c:/st/stm32cubeide_1.12.1/stm32cubeide/plugins/com.st.stm32cube.ide.mcu.externaltools.gnu-tools-for-stm32.10.3-2021.10.win32_1.0.200.202301161003/tools/bin/../lib/gcc/arm-none-eabi/10.3.1/../../../../arm-none-eabi/lib/thumb/v7-m/nofp\libc_nano.a(lib_a-lock.o)
                0x00000000200000a0                __lock___malloc_recursive_mutex
 *(COMMON)
                0x00000000200000a4                . = ALIGN (0x4)
 *fill*         0x00000000200000a1        0x3 
                0x00000000200000a4                _ebss = .
                0x00000000200000a4                __bss_end__ = _ebss

._user_heap_stack
                0x00000000200000a4      0x604 load address 0x000000000800185c
                0x00000000200000a8                . = ALIGN (0x8)
 *fill*         0x00000000200000a4        0x4 
                [!provide]                        PROVIDE (end = .)
                0x00000000200000a8                PROVIDE (_end = .)
                0x00000000200002a8                . = (. + _Min_Heap_Size)
 *fill*         0x00000000200000a8      0x200 
                0x00000000200006a8                . = (. + _Min_Stack_Size)
 *fill*         0x00000000200002a8      0x400 
                0x00000000200006a8                . = ALIGN (0x8)

/DISCARD/
 libc.a(*)
 libm.a(*)
 libgcc.a(*)

.ARM.attributes
                0x0000000000000000       0x29
 *(.ARM.attributes)
 .ARM.attributes
                0x0000000000000000       0x1d c:/st/stm32cubeide_1.12.1/stm32cubeide/plugins/com.st.stm32cube.ide.mcu.externaltools.gnu-tools-for-stm32.10.3-2021.10.win32_1.0.200.202301161003/tools/bin/../lib/gcc/arm-none-eabi/10.3.1/thumb/v7-m/nofp/crti.o
 .ARM.attributes
                0x000000000000001d       0x2d c:/st/stm32cubeide_1.12.1/stm32cubeide/plugins/com.st.stm32cube.ide.mcu.externaltools.gnu-tools-for-stm32.10.3-2021.10.win32_1.0.200.202301161003/tools/bin/../lib/gcc/arm-none-eabi/10.3.1/thumb/v7-m/nofp/crtbegin.o
 .ARM.attributes
                0x000000000000004a       0x2d ./BSP/KEY/key1.o
 .ARM.attributes
                0x0000000000000077       0x2d ./BSP/LED/led.o
 .ARM.attributes
                0x00000000000000a4       0x2d ./BSP/beep/beep.o
 .ARM.attributes
                0x00000000000000d1       0x2d ./BSP/bsp.o
 .ARM.attributes
                0x00000000000000fe       0x2d ./Core/Src/main.o
 .ARM.attributes
                0x000000000000012b       0x2d ./Core/Src/stm32f1xx_hal_msp.o
 .ARM.attributes
                0x0000000000000158       0x2d ./Core/Src/stm32f1xx_it.o
 .ARM.attributes
                0x0000000000000185       0x2d ./Core/Src/system_stm32f1xx.o
 .ARM.attributes
                0x00000000000001b2       0x21 ./Core/Startup/startup_stm32f103rctx.o
 .ARM.attributes
                0x00000000000001d3       0x2d ./Drivers/STM32F1xx_HAL_Driver/Src/stm32f1xx_hal.o
 .ARM.attributes
                0x0000000000000200       0x2d ./Drivers/STM32F1xx_HAL_Driver/Src/stm32f1xx_hal_cortex.o
 .ARM.attributes
                0x000000000000022d       0x2d ./Drivers/STM32F1xx_HAL_Driver/Src/stm32f1xx_hal_gpio.o
 .ARM.attributes
                0x000000000000025a       0x2d ./Drivers/STM32F1xx_HAL_Driver/Src/stm32f1xx_hal_rcc.o
 .ARM.attributes
                0x0000000000000287       0x2d c:/st/stm32cubeide_1.12.1/stm32cubeide/plugins/com.st.stm32cube.ide.mcu.externaltools.gnu-tools-for-stm32.10.3-2021.10.win32_1.0.200.202301161003/tools/bin/../lib/gcc/arm-none-eabi/10.3.1/../../../../arm-none-eabi/lib/thumb/v7-m/nofp\libstdc++_nano.a(del_ops.o)
 .ARM.attributes
                0x00000000000002b4       0x2d c:/st/stm32cubeide_1.12.1/stm32cubeide/plugins/com.st.stm32cube.ide.mcu.externaltools.gnu-tools-for-stm32.10.3-2021.10.win32_1.0.200.202301161003/tools/bin/../lib/gcc/arm-none-eabi/10.3.1/../../../../arm-none-eabi/lib/thumb/v7-m/nofp\libstdc++_nano.a(del_op.o)
 .ARM.attributes
                0x00000000000002e1       0x2d c:/st/stm32cubeide_1.12.1/stm32cubeide/plugins/com.st.stm32cube.ide.mcu.externaltools.gnu-tools-for-stm32.10.3-2021.10.win32_1.0.200.202301161003/tools/bin/../lib/gcc/arm-none-eabi/10.3.1/../../../../arm-none-eabi/lib/thumb/v7-m/nofp\libc_nano.a(lib_a-impure.o)
 .ARM.attributes
                0x000000000000030e       0x2d c:/st/stm32cubeide_1.12.1/stm32cubeide/plugins/com.st.stm32cube.ide.mcu.externaltools.gnu-tools-for-stm32.10.3-2021.10.win32_1.0.200.202301161003/tools/bin/../lib/gcc/arm-none-eabi/10.3.1/../../../../arm-none-eabi/lib/thumb/v7-m/nofp\libc_nano.a(lib_a-init.o)
 .ARM.attributes
                0x000000000000033b       0x2d c:/st/stm32cubeide_1.12.1/stm32cubeide/plugins/com.st.stm32cube.ide.mcu.externaltools.gnu-tools-for-stm32.10.3-2021.10.win32_1.0.200.202301161003/tools/bin/../lib/gcc/arm-none-eabi/10.3.1/../../../../arm-none-eabi/lib/thumb/v7-m/nofp\libc_nano.a(lib_a-malloc.o)
 .ARM.attributes
                0x0000000000000368       0x2d c:/st/stm32cubeide_1.12.1/stm32cubeide/plugins/com.st.stm32cube.ide.mcu.externaltools.gnu-tools-for-stm32.10.3-2021.10.win32_1.0.200.202301161003/tools/bin/../lib/gcc/arm-none-eabi/10.3.1/../../../../arm-none-eabi/lib/thumb/v7-m/nofp\libc_nano.a(lib_a-memset.o)
 .ARM.attributes
                0x0000000000000395       0x2d c:/st/stm32cubeide_1.12.1/stm32cubeide/plugins/com.st.stm32cube.ide.mcu.externaltools.gnu-tools-for-stm32.10.3-2021.10.win32_1.0.200.202301161003/tools/bin/../lib/gcc/arm-none-eabi/10.3.1/../../../../arm-none-eabi/lib/thumb/v7-m/nofp\libc_nano.a(lib_a-nano-freer.o)
 .ARM.attributes
                0x00000000000003c2       0x2d c:/st/stm32cubeide_1.12.1/stm32cubeide/plugins/com.st.stm32cube.ide.mcu.externaltools.gnu-tools-for-stm32.10.3-2021.10.win32_1.0.200.202301161003/tools/bin/../lib/gcc/arm-none-eabi/10.3.1/../../../../arm-none-eabi/lib/thumb/v7-m/nofp\libc_nano.a(lib_a-nano-mallocr.o)
 .ARM.attributes
                0x00000000000003ef       0x2d c:/st/stm32cubeide_1.12.1/stm32cubeide/plugins/com.st.stm32cube.ide.mcu.externaltools.gnu-tools-for-stm32.10.3-2021.10.win32_1.0.200.202301161003/tools/bin/../lib/gcc/arm-none-eabi/10.3.1/../../../../arm-none-eabi/lib/thumb/v7-m/nofp\libc_nano.a(lib_a-mlock.o)
 .ARM.attributes
                0x000000000000041c       0x2d c:/st/stm32cubeide_1.12.1/stm32cubeide/plugins/com.st.stm32cube.ide.mcu.externaltools.gnu-tools-for-stm32.10.3-2021.10.win32_1.0.200.202301161003/tools/bin/../lib/gcc/arm-none-eabi/10.3.1/../../../../arm-none-eabi/lib/thumb/v7-m/nofp\libc_nano.a(lib_a-lock.o)
 .ARM.attributes
                0x0000000000000449       0x1d c:/st/stm32cubeide_1.12.1/stm32cubeide/plugins/com.st.stm32cube.ide.mcu.externaltools.gnu-tools-for-stm32.10.3-2021.10.win32_1.0.200.202301161003/tools/bin/../lib/gcc/arm-none-eabi/10.3.1/thumb/v7-m/nofp/crtn.o
OUTPUT(Rosmsater.elf elf32-littlearm)
LOAD linker stubs
LOAD c:/st/stm32cubeide_1.12.1/stm32cubeide/plugins/com.st.stm32cube.ide.mcu.externaltools.gnu-tools-for-stm32.10.3-2021.10.win32_1.0.200.202301161003/tools/bin/../lib/gcc/arm-none-eabi/10.3.1/../../../../arm-none-eabi/lib/thumb/v7-m/nofp\libc.a
LOAD c:/st/stm32cubeide_1.12.1/stm32cubeide/plugins/com.st.stm32cube.ide.mcu.externaltools.gnu-tools-for-stm32.10.3-2021.10.win32_1.0.200.202301161003/tools/bin/../lib/gcc/arm-none-eabi/10.3.1/../../../../arm-none-eabi/lib/thumb/v7-m/nofp\libm.a
LOAD c:/st/stm32cubeide_1.12.1/stm32cubeide/plugins/com.st.stm32cube.ide.mcu.externaltools.gnu-tools-for-stm32.10.3-2021.10.win32_1.0.200.202301161003/tools/bin/../lib/gcc/arm-none-eabi/10.3.1/thumb/v7-m/nofp\libgcc.a

.debug_info     0x0000000000000000     0x4066
 .debug_info    0x0000000000000000      0x5f7 ./BSP/KEY/key1.o
 .debug_info    0x00000000000005f7      0x35b ./BSP/LED/led.o
 .debug_info    0x0000000000000952      0x5db ./BSP/beep/beep.o
 .debug_info    0x0000000000000f2d      0x504 ./BSP/bsp.o
 .debug_info    0x0000000000001431      0x50f ./Core/Src/main.o
 .debug_info    0x0000000000001940      0x210 ./Core/Src/stm32f1xx_hal_msp.o
 .debug_info    0x0000000000001b50      0x122 ./Core/Src/stm32f1xx_it.o
 .debug_info    0x0000000000001c72      0x23d ./Core/Src/system_stm32f1xx.o
 .debug_info    0x0000000000001eaf       0x22 ./Core/Startup/startup_stm32f103rctx.o
 .debug_info    0x0000000000001ed1      0x79a ./Drivers/STM32F1xx_HAL_Driver/Src/stm32f1xx_hal.o
 .debug_info    0x000000000000266b      0xb86 ./Drivers/STM32F1xx_HAL_Driver/Src/stm32f1xx_hal_cortex.o
 .debug_info    0x00000000000031f1      0x615 ./Drivers/STM32F1xx_HAL_Driver/Src/stm32f1xx_hal_gpio.o
 .debug_info    0x0000000000003806      0x860 ./Drivers/STM32F1xx_HAL_Driver/Src/stm32f1xx_hal_rcc.o

.debug_abbrev   0x0000000000000000     0x1723
 .debug_abbrev  0x0000000000000000      0x2ac ./BSP/KEY/key1.o
 .debug_abbrev  0x00000000000002ac      0x216 ./BSP/LED/led.o
 .debug_abbrev  0x00000000000004c2      0x286 ./BSP/beep/beep.o
 .debug_abbrev  0x0000000000000748      0x20d ./BSP/bsp.o
 .debug_abbrev  0x0000000000000955      0x1ee ./Core/Src/main.o
 .debug_abbrev  0x0000000000000b43       0xd4 ./Core/Src/stm32f1xx_hal_msp.o
 .debug_abbrev  0x0000000000000c17       0x74 ./Core/Src/stm32f1xx_it.o
 .debug_abbrev  0x0000000000000c8b      0x13b ./Core/Src/system_stm32f1xx.o
 .debug_abbrev  0x0000000000000dc6       0x12 ./Core/Startup/startup_stm32f103rctx.o
 .debug_abbrev  0x0000000000000dd8      0x1fb ./Drivers/STM32F1xx_HAL_Driver/Src/stm32f1xx_hal.o
 .debug_abbrev  0x0000000000000fd3      0x2ed ./Drivers/STM32F1xx_HAL_Driver/Src/stm32f1xx_hal_cortex.o
 .debug_abbrev  0x00000000000012c0      0x1bb ./Drivers/STM32F1xx_HAL_Driver/Src/stm32f1xx_hal_gpio.o
 .debug_abbrev  0x000000000000147b      0x2a8 ./Drivers/STM32F1xx_HAL_Driver/Src/stm32f1xx_hal_rcc.o

.debug_aranges  0x0000000000000000      0x4f8
 .debug_aranges
                0x0000000000000000       0x60 ./BSP/KEY/key1.o
 .debug_aranges
                0x0000000000000060       0x38 ./BSP/LED/led.o
 .debug_aranges
                0x0000000000000098       0x60 ./BSP/beep/beep.o
 .debug_aranges
                0x00000000000000f8       0x30 ./BSP/bsp.o
 .debug_aranges
                0x0000000000000128       0x38 ./Core/Src/main.o
 .debug_aranges
                0x0000000000000160       0x20 ./Core/Src/stm32f1xx_hal_msp.o
 .debug_aranges
                0x0000000000000180       0x60 ./Core/Src/stm32f1xx_it.o
 .debug_aranges
                0x00000000000001e0       0x28 ./Core/Src/system_stm32f1xx.o
 .debug_aranges
                0x0000000000000208       0x28 ./Core/Startup/startup_stm32f103rctx.o
 .debug_aranges
                0x0000000000000230       0xe0 ./Drivers/STM32F1xx_HAL_Driver/Src/stm32f1xx_hal.o
 .debug_aranges
                0x0000000000000310      0x100 ./Drivers/STM32F1xx_HAL_Driver/Src/stm32f1xx_hal_cortex.o
 .debug_aranges
                0x0000000000000410       0x58 ./Drivers/STM32F1xx_HAL_Driver/Src/stm32f1xx_hal_gpio.o
 .debug_aranges
                0x0000000000000468       0x90 ./Drivers/STM32F1xx_HAL_Driver/Src/stm32f1xx_hal_rcc.o

.debug_ranges   0x0000000000000000      0x430
 .debug_ranges  0x0000000000000000       0x50 ./BSP/KEY/key1.o
 .debug_ranges  0x0000000000000050       0x28 ./BSP/LED/led.o
 .debug_ranges  0x0000000000000078       0x50 ./BSP/beep/beep.o
 .debug_ranges  0x00000000000000c8       0x20 ./BSP/bsp.o
 .debug_ranges  0x00000000000000e8       0x28 ./Core/Src/main.o
 .debug_ranges  0x0000000000000110       0x10 ./Core/Src/stm32f1xx_hal_msp.o
 .debug_ranges  0x0000000000000120       0x50 ./Core/Src/stm32f1xx_it.o
 .debug_ranges  0x0000000000000170       0x18 ./Core/Src/system_stm32f1xx.o
 .debug_ranges  0x0000000000000188       0x20 ./Core/Startup/startup_stm32f103rctx.o
 .debug_ranges  0x00000000000001a8       0xd0 ./Drivers/STM32F1xx_HAL_Driver/Src/stm32f1xx_hal.o
 .debug_ranges  0x0000000000000278       0xf0 ./Drivers/STM32F1xx_HAL_Driver/Src/stm32f1xx_hal_cortex.o
 .debug_ranges  0x0000000000000368       0x48 ./Drivers/STM32F1xx_HAL_Driver/Src/stm32f1xx_hal_gpio.o
 .debug_ranges  0x00000000000003b0       0x80 ./Drivers/STM32F1xx_HAL_Driver/Src/stm32f1xx_hal_rcc.o

.debug_macro    0x0000000000000000    0x199de
 .debug_macro   0x0000000000000000      0x1ab ./BSP/KEY/key1.o
 .debug_macro   0x00000000000001ab      0xb44 ./BSP/KEY/key1.o
 .debug_macro   0x0000000000000cef       0x22 ./BSP/KEY/key1.o
 .debug_macro   0x0000000000000d11      0x20f ./BSP/KEY/key1.o
 .debug_macro   0x0000000000000f20       0x2e ./BSP/KEY/key1.o
 .debug_macro   0x0000000000000f4e       0x22 ./BSP/KEY/key1.o
 .debug_macro   0x0000000000000f70       0x1c ./BSP/KEY/key1.o
 .debug_macro   0x0000000000000f8c       0x22 ./BSP/KEY/key1.o
 .debug_macro   0x0000000000000fae       0x8e ./BSP/KEY/key1.o
 .debug_macro   0x000000000000103c       0x51 ./BSP/KEY/key1.o
 .debug_macro   0x000000000000108d      0x103 ./BSP/KEY/key1.o
 .debug_macro   0x0000000000001190       0x6a ./BSP/KEY/key1.o
 .debug_macro   0x00000000000011fa      0x1df ./BSP/KEY/key1.o
 .debug_macro   0x00000000000013d9       0x1c ./BSP/KEY/key1.o
 .debug_macro   0x00000000000013f5       0x22 ./BSP/KEY/key1.o
 .debug_macro   0x0000000000001417       0xbd ./BSP/KEY/key1.o
 .debug_macro   0x00000000000014d4      0xd23 ./BSP/KEY/key1.o
 .debug_macro   0x00000000000021f7     0xfd8c ./BSP/KEY/key1.o
 .debug_macro   0x0000000000011f83       0x6d ./BSP/KEY/key1.o
 .debug_macro   0x0000000000011ff0     0x3468 ./BSP/KEY/key1.o
 .debug_macro   0x0000000000015458      0x17b ./BSP/KEY/key1.o
 .debug_macro   0x00000000000155d3       0x5c ./BSP/KEY/key1.o
 .debug_macro   0x000000000001562f      0x5be ./BSP/KEY/key1.o
 .debug_macro   0x0000000000015bed      0x4d5 ./BSP/KEY/key1.o
 .debug_macro   0x00000000000160c2      0x1cb ./BSP/KEY/key1.o
 .debug_macro   0x000000000001628d      0x114 ./BSP/KEY/key1.o
 .debug_macro   0x00000000000163a1      0x1ea ./BSP/KEY/key1.o
 .debug_macro   0x000000000001658b       0x27 ./BSP/KEY/key1.o
 .debug_macro   0x00000000000165b2      0x144 ./BSP/KEY/key1.o
 .debug_macro   0x00000000000166f6      0x1bc ./BSP/KEY/key1.o
 .debug_macro   0x00000000000168b2       0x30 ./BSP/KEY/key1.o
 .debug_macro   0x00000000000168e2       0x3c ./BSP/KEY/key1.o
 .debug_macro   0x000000000001691e       0x57 ./BSP/KEY/key1.o
 .debug_macro   0x0000000000016975       0x88 ./BSP/KEY/key1.o
 .debug_macro   0x00000000000169fd      0x24f ./BSP/KEY/key1.o
 .debug_macro   0x0000000000016c4c      0x141 ./BSP/KEY/key1.o
 .debug_macro   0x0000000000016d8d       0xb5 ./BSP/KEY/key1.o
 .debug_macro   0x0000000000016e42       0x28 ./BSP/KEY/key1.o
 .debug_macro   0x0000000000016e6a      0x1ab ./BSP/LED/led.o
 .debug_macro   0x0000000000017015       0x1c ./BSP/LED/led.o
 .debug_macro   0x0000000000017031      0x1ab ./BSP/beep/beep.o
 .debug_macro   0x00000000000171dc       0x28 ./BSP/beep/beep.o
 .debug_macro   0x0000000000017204      0x1c1 ./BSP/bsp.o
 .debug_macro   0x00000000000173c5      0x19d ./Core/Src/main.o
 .debug_macro   0x0000000000017562      0xa6c ./Core/Src/main.o
 .debug_macro   0x0000000000017fce      0xd23 ./Core/Src/main.o
 .debug_macro   0x0000000000018cf1      0x174 ./Core/Src/main.o
 .debug_macro   0x0000000000018e65      0x19d ./Core/Src/stm32f1xx_hal_msp.o
 .debug_macro   0x0000000000019002      0x1a7 ./Core/Src/stm32f1xx_it.o
 .debug_macro   0x00000000000191a9      0x184 ./Core/Src/system_stm32f1xx.o
 .debug_macro   0x000000000001932d      0x1a8 ./Drivers/STM32F1xx_HAL_Driver/Src/stm32f1xx_hal.o
 .debug_macro   0x00000000000194d5      0x184 ./Drivers/STM32F1xx_HAL_Driver/Src/stm32f1xx_hal_cortex.o
 .debug_macro   0x0000000000019659      0x1ef ./Drivers/STM32F1xx_HAL_Driver/Src/stm32f1xx_hal_gpio.o
 .debug_macro   0x0000000000019848      0x196 ./Drivers/STM32F1xx_HAL_Driver/Src/stm32f1xx_hal_rcc.o

.debug_line     0x0000000000000000     0x6264
 .debug_line    0x0000000000000000      0x781 ./BSP/KEY/key1.o
 .debug_line    0x0000000000000781      0x6a1 ./BSP/LED/led.o
 .debug_line    0x0000000000000e22      0x766 ./BSP/beep/beep.o
 .debug_line    0x0000000000001588      0x71d ./BSP/bsp.o
 .debug_line    0x0000000000001ca5      0x6f8 ./Core/Src/main.o
 .debug_line    0x000000000000239d      0x655 ./Core/Src/stm32f1xx_hal_msp.o
 .debug_line    0x00000000000029f2      0x717 ./Core/Src/stm32f1xx_it.o
 .debug_line    0x0000000000003109      0x6af ./Core/Src/system_stm32f1xx.o
 .debug_line    0x00000000000037b8       0x87 ./Core/Startup/startup_stm32f103rctx.o
 .debug_line    0x000000000000383f      0x8dc ./Drivers/STM32F1xx_HAL_Driver/Src/stm32f1xx_hal.o
 .debug_line    0x000000000000411b      0xac4 ./Drivers/STM32F1xx_HAL_Driver/Src/stm32f1xx_hal_cortex.o
 .debug_line    0x0000000000004bdf      0x99b ./Drivers/STM32F1xx_HAL_Driver/Src/stm32f1xx_hal_gpio.o
 .debug_line    0x000000000000557a      0xcea ./Drivers/STM32F1xx_HAL_Driver/Src/stm32f1xx_hal_rcc.o

.debug_str      0x0000000000000000    0x8a9c3
 .debug_str     0x0000000000000000    0x8913d ./BSP/KEY/key1.o
                                      0x895b0 (size before relaxing)
 .debug_str     0x000000000008913d      0x17f ./BSP/LED/led.o
                                      0x89462 (size before relaxing)
 .debug_str     0x00000000000892bc      0x281 ./BSP/beep/beep.o
                                      0x8967a (size before relaxing)
 .debug_str     0x000000000008953d       0x90 ./BSP/bsp.o
                                      0x8972e (size before relaxing)
 .debug_str     0x00000000000895cd      0x439 ./Core/Src/main.o
                                      0x89071 (size before relaxing)
 .debug_str     0x0000000000089a06       0x5a ./Core/Src/stm32f1xx_hal_msp.o
                                      0x88e51 (size before relaxing)
 .debug_str     0x0000000000089a60       0xc9 ./Core/Src/stm32f1xx_it.o
                                      0x88e66 (size before relaxing)
 .debug_str     0x0000000000089b29       0x7e ./Core/Src/system_stm32f1xx.o
                                      0x88df4 (size before relaxing)
 .debug_str     0x0000000000089ba7       0x36 ./Core/Startup/startup_stm32f103rctx.o
                                         0x51 (size before relaxing)
 .debug_str     0x0000000000089bdd      0x63b ./Drivers/STM32F1xx_HAL_Driver/Src/stm32f1xx_hal.o
                                      0x8960b (size before relaxing)
 .debug_str     0x000000000008a218      0x2bb ./Drivers/STM32F1xx_HAL_Driver/Src/stm32f1xx_hal_cortex.o
                                      0x89557 (size before relaxing)
 .debug_str     0x000000000008a4d3      0x2d2 ./Drivers/STM32F1xx_HAL_Driver/Src/stm32f1xx_hal_gpio.o
                                      0x8917a (size before relaxing)
 .debug_str     0x000000000008a7a5      0x21e ./Drivers/STM32F1xx_HAL_Driver/Src/stm32f1xx_hal_rcc.o
                                      0x89223 (size before relaxing)

.comment        0x0000000000000000       0x50
 .comment       0x0000000000000000       0x50 ./BSP/KEY/key1.o
                                         0x51 (size before relaxing)
 .comment       0x0000000000000050       0x51 ./BSP/LED/led.o
 .comment       0x0000000000000050       0x51 ./BSP/beep/beep.o
 .comment       0x0000000000000050       0x51 ./BSP/bsp.o
 .comment       0x0000000000000050       0x51 ./Core/Src/main.o
 .comment       0x0000000000000050       0x51 ./Core/Src/stm32f1xx_hal_msp.o
 .comment       0x0000000000000050       0x51 ./Core/Src/stm32f1xx_it.o
 .comment       0x0000000000000050       0x51 ./Core/Src/system_stm32f1xx.o
 .comment       0x0000000000000050       0x51 ./Drivers/STM32F1xx_HAL_Driver/Src/stm32f1xx_hal.o
 .comment       0x0000000000000050       0x51 ./Drivers/STM32F1xx_HAL_Driver/Src/stm32f1xx_hal_cortex.o
 .comment       0x0000000000000050       0x51 ./Drivers/STM32F1xx_HAL_Driver/Src/stm32f1xx_hal_gpio.o
 .comment       0x0000000000000050       0x51 ./Drivers/STM32F1xx_HAL_Driver/Src/stm32f1xx_hal_rcc.o

.debug_frame    0x0000000000000000     0x12f0
 .debug_frame   0x0000000000000000      0x160 ./BSP/KEY/key1.o
 .debug_frame   0x0000000000000160       0xa8 ./BSP/LED/led.o
 .debug_frame   0x0000000000000208      0x168 ./BSP/beep/beep.o
 .debug_frame   0x0000000000000370       0x7c ./BSP/bsp.o
 .debug_frame   0x00000000000003ec       0x8c ./Core/Src/main.o
 .debug_frame   0x0000000000000478       0x38 ./Core/Src/stm32f1xx_hal_msp.o
 .debug_frame   0x00000000000004b0      0x104 ./Core/Src/stm32f1xx_it.o
 .debug_frame   0x00000000000005b4       0x58 ./Core/Src/system_stm32f1xx.o
 .debug_frame   0x000000000000060c      0x334 ./Drivers/STM32F1xx_HAL_Driver/Src/stm32f1xx_hal.o
 .debug_frame   0x0000000000000940      0x428 ./Drivers/STM32F1xx_HAL_Driver/Src/stm32f1xx_hal_cortex.o
 .debug_frame   0x0000000000000d68      0x14c ./Drivers/STM32F1xx_HAL_Driver/Src/stm32f1xx_hal_gpio.o
 .debug_frame   0x0000000000000eb4      0x21c ./Drivers/STM32F1xx_HAL_Driver/Src/stm32f1xx_hal_rcc.o
 .debug_frame   0x00000000000010d0       0x20 c:/st/stm32cubeide_1.12.1/stm32cubeide/plugins/com.st.stm32cube.ide.mcu.externaltools.gnu-tools-for-stm32.10.3-2021.10.win32_1.0.200.202301161003/tools/bin/../lib/gcc/arm-none-eabi/10.3.1/../../../../arm-none-eabi/lib/thumb/v7-m/nofp\libstdc++_nano.a(del_ops.o)
 .debug_frame   0x00000000000010f0       0x20 c:/st/stm32cubeide_1.12.1/stm32cubeide/plugins/com.st.stm32cube.ide.mcu.externaltools.gnu-tools-for-stm32.10.3-2021.10.win32_1.0.200.202301161003/tools/bin/../lib/gcc/arm-none-eabi/10.3.1/../../../../arm-none-eabi/lib/thumb/v7-m/nofp\libstdc++_nano.a(del_op.o)
 .debug_frame   0x0000000000001110       0x2c c:/st/stm32cubeide_1.12.1/stm32cubeide/plugins/com.st.stm32cube.ide.mcu.externaltools.gnu-tools-for-stm32.10.3-2021.10.win32_1.0.200.202301161003/tools/bin/../lib/gcc/arm-none-eabi/10.3.1/../../../../arm-none-eabi/lib/thumb/v7-m/nofp\libc_nano.a(lib_a-init.o)
 .debug_frame   0x000000000000113c       0x30 c:/st/stm32cubeide_1.12.1/stm32cubeide/plugins/com.st.stm32cube.ide.mcu.externaltools.gnu-tools-for-stm32.10.3-2021.10.win32_1.0.200.202301161003/tools/bin/../lib/gcc/arm-none-eabi/10.3.1/../../../../arm-none-eabi/lib/thumb/v7-m/nofp\libc_nano.a(lib_a-malloc.o)
 .debug_frame   0x000000000000116c       0x20 c:/st/stm32cubeide_1.12.1/stm32cubeide/plugins/com.st.stm32cube.ide.mcu.externaltools.gnu-tools-for-stm32.10.3-2021.10.win32_1.0.200.202301161003/tools/bin/../lib/gcc/arm-none-eabi/10.3.1/../../../../arm-none-eabi/lib/thumb/v7-m/nofp\libc_nano.a(lib_a-memset.o)
 .debug_frame   0x000000000000118c       0x38 c:/st/stm32cubeide_1.12.1/stm32cubeide/plugins/com.st.stm32cube.ide.mcu.externaltools.gnu-tools-for-stm32.10.3-2021.10.win32_1.0.200.202301161003/tools/bin/../lib/gcc/arm-none-eabi/10.3.1/../../../../arm-none-eabi/lib/thumb/v7-m/nofp\libc_nano.a(lib_a-nano-freer.o)
 .debug_frame   0x00000000000011c4       0x4c c:/st/stm32cubeide_1.12.1/stm32cubeide/plugins/com.st.stm32cube.ide.mcu.externaltools.gnu-tools-for-stm32.10.3-2021.10.win32_1.0.200.202301161003/tools/bin/../lib/gcc/arm-none-eabi/10.3.1/../../../../arm-none-eabi/lib/thumb/v7-m/nofp\libc_nano.a(lib_a-nano-mallocr.o)
 .debug_frame   0x0000000000001210       0x30 c:/st/stm32cubeide_1.12.1/stm32cubeide/plugins/com.st.stm32cube.ide.mcu.externaltools.gnu-tools-for-stm32.10.3-2021.10.win32_1.0.200.202301161003/tools/bin/../lib/gcc/arm-none-eabi/10.3.1/../../../../arm-none-eabi/lib/thumb/v7-m/nofp\libc_nano.a(lib_a-mlock.o)
 .debug_frame   0x0000000000001240       0xb0 c:/st/stm32cubeide_1.12.1/stm32cubeide/plugins/com.st.stm32cube.ide.mcu.externaltools.gnu-tools-for-stm32.10.3-2021.10.win32_1.0.200.202301161003/tools/bin/../lib/gcc/arm-none-eabi/10.3.1/../../../../arm-none-eabi/lib/thumb/v7-m/nofp\libc_nano.a(lib_a-lock.o)
